cargo :     Blocking waiting for file lock on artifact directory
En línea: 1 Carácter: 1
+ cargo test --release --all-features -- --nocapture --test-threads=1 2 ...
+ ~~~~~~~~~~~~~~~~~~~~~~~~~~~~~~~~~~~~~~~~~~~~~~~~~~~~~~~~~~~~~~~~~~~~~
    + CategoryInfo          : NotSpecified: (    Blocking wa...ifact direct 
   ory:String) [], RemoteException
    + FullyQualifiedErrorId : NativeCommandError
 
   Compiling zeroclaw v0.1.0 (C:\Users\Danii\zeroclaw)
error[E0425]: cannot find type `Update` in this scope
  --> src\tools\proxy_config.rs:96:82
   |
96 |     fn parse_optional_string_update(args: &Value, field: &str) -> 
anyhow::Result<Update<String>> {
   |                                                                        
          ^^^^^^ not found in this scope

error[E0433]: failed to resolve: use of undeclared type `Update`
  --> src\tools\proxy_config.rs:98:23
   |
98 |             return Ok(Update::Absent);
   |                       ^^^^^^ use of undeclared type `Update`

error[E0433]: failed to resolve: use of undeclared type `Update`
   --> src\tools\proxy_config.rs:102:23
    |
102 |             return Ok(Update::Set(None));
    |                       ^^^^^^ use of undeclared type `Update`

error[E0433]: failed to resolve: use of undeclared type `Update`
   --> src\tools\proxy_config.rs:110:12
    |
110 |         Ok(Update::Set((!value.is_empty()).then_some(value)))
    |            ^^^^^^ use of undeclared type `Update`

Some errors have detailed explanations: E0425, E0433.
For more information about an error, try `rustc --explain E0425`.
error: could not compile `zeroclaw` (lib) due to 4 previous errors
warning: build failed, waiting for other jobs to finish...
error: could not compile `zeroclaw` (lib) due to 4 previous errors
error: could not compile `zeroclaw` (lib test) due to 4 previous errors
